<?xml version="1.0" encoding="utf-8"?>
<TestRun id="fcf0a49a-d85c-49b6-9b8d-c1075797a582" name="a.forlin@PC-AFORLIN01 2022-12-05 17:08:01" runUser="DATASERVICES\a.forlin" xmlns="http://microsoft.com/schemas/VisualStudio/TeamTest/2010">
  <Times creation="2022-12-05T17:08:01.8892475+01:00" queuing="2022-12-05T17:08:01.8892479+01:00" start="2022-12-05T17:07:58.7579942+01:00" finish="2022-12-05T17:08:01.9079078+01:00" />
  <TestSettings name="default" id="a7af7f86-c280-4dc7-b36d-c27b3604d08b">
    <Deployment runDeploymentRoot="a.forlin_PC-AFORLIN01_2022-12-05_17_08_01" />
  </TestSettings>
  <Results>
    <UnitTestResult executionId="361d7a89-84ae-4978-8e54-3c15188e5cf9" testId="479cda61-1239-4da5-c6f1-fbfaf1e9a312" testName="TestBase2" computerName="PC-AFORLIN01" duration="00:00:00.0008510" startTime="2022-12-05T17:08:01.4797840+01:00" endTime="2022-12-05T17:08:01.4806354+01:00" testType="13cdc9d9-ddb5-4fa4-a97d-d965ccfc6d4b" outcome="Passed" testListId="8c84fa94-04c1-424b-9868-57a2d4851a1d" relativeResultsDirectory="361d7a89-84ae-4978-8e54-3c15188e5cf9" />
    <UnitTestResult executionId="822e10de-1bff-463f-83c3-b9f2cca720e8" testId="93abd710-ef29-c29c-97d3-38790deb037a" testName="TestBase3" computerName="PC-AFORLIN01" duration="00:00:00.0016520" startTime="2022-12-05T17:08:01.4965533+01:00" endTime="2022-12-05T17:08:01.4982064+01:00" testType="13cdc9d9-ddb5-4fa4-a97d-d965ccfc6d4b" outcome="Passed" testListId="8c84fa94-04c1-424b-9868-57a2d4851a1d" relativeResultsDirectory="822e10de-1bff-463f-83c3-b9f2cca720e8" />
    <UnitTestResult executionId="76099d0a-2e74-4f1e-89c3-e8048824d341" testId="d0223eb7-28c1-538a-20e2-d0d91a0673d0" testName="TestBase1" computerName="PC-AFORLIN01" duration="00:00:00.1348040" startTime="2022-12-05T17:08:01.3084746+01:00" endTime="2022-12-05T17:08:01.4431915+01:00" testType="13cdc9d9-ddb5-4fa4-a97d-d965ccfc6d4b" outcome="Passed" testListId="8c84fa94-04c1-424b-9868-57a2d4851a1d" relativeResultsDirectory="76099d0a-2e74-4f1e-89c3-e8048824d341" />
  </Results>
  <TestDefinitions>
    <UnitTest name="TestBase2" storage="d:\private\adventofcode2022\fsharp\day2part2.tests\bin\debug\net7.0\day2_part2.tests.dll" id="479cda61-1239-4da5-c6f1-fbfaf1e9a312">
      <Execution id="361d7a89-84ae-4978-8e54-3c15188e5cf9" />
      <TestMethod codeBase="d:\private\AdventOfCode2022\fsharp\Day2Part2.Tests\bin\Debug\net7.0\Day2_part2.Tests.dll" adapterTypeName="executor://nunit3testexecutor/" className="Day2Part2.Tests" name="TestBase2" />
    </UnitTest>
    <UnitTest name="TestBase3" storage="d:\private\adventofcode2022\fsharp\day2part2.tests\bin\debug\net7.0\day2_part2.tests.dll" id="93abd710-ef29-c29c-97d3-38790deb037a">
      <Execution id="822e10de-1bff-463f-83c3-b9f2cca720e8" />
      <TestMethod codeBase="d:\private\AdventOfCode2022\fsharp\Day2Part2.Tests\bin\Debug\net7.0\Day2_part2.Tests.dll" adapterTypeName="executor://nunit3testexecutor/" className="Day2Part2.Tests" name="TestBase3" />
    </UnitTest>
    <UnitTest name="TestBase1" storage="d:\private\adventofcode2022\fsharp\day2part2.tests\bin\debug\net7.0\day2_part2.tests.dll" id="d0223eb7-28c1-538a-20e2-d0d91a0673d0">
      <Execution id="76099d0a-2e74-4f1e-89c3-e8048824d341" />
      <TestMethod codeBase="d:\private\AdventOfCode2022\fsharp\Day2Part2.Tests\bin\Debug\net7.0\Day2_part2.Tests.dll" adapterTypeName="executor://nunit3testexecutor/" className="Day2Part2.Tests" name="TestBase1" />
    </UnitTest>
  </TestDefinitions>
  <TestEntries>
    <TestEntry testId="479cda61-1239-4da5-c6f1-fbfaf1e9a312" executionId="361d7a89-84ae-4978-8e54-3c15188e5cf9" testListId="8c84fa94-04c1-424b-9868-57a2d4851a1d" />
    <TestEntry testId="93abd710-ef29-c29c-97d3-38790deb037a" executionId="822e10de-1bff-463f-83c3-b9f2cca720e8" testListId="8c84fa94-04c1-424b-9868-57a2d4851a1d" />
    <TestEntry testId="d0223eb7-28c1-538a-20e2-d0d91a0673d0" executionId="76099d0a-2e74-4f1e-89c3-e8048824d341" testListId="8c84fa94-04c1-424b-9868-57a2d4851a1d" />
  </TestEntries>
  <TestLists>
    <TestList name="Results Not in a List" id="8c84fa94-04c1-424b-9868-57a2d4851a1d" />
    <TestList name="All Loaded Results" id="19431567-8539-422a-85d7-44ee4e166bda" />
  </TestLists>
  <ResultSummary outcome="Completed">
    <Counters total="3" executed="3" passed="3" failed="0" error="0" timeout="0" aborted="0" inconclusive="0" passedButRunAborted="0" notRunnable="0" notExecuted="0" disconnected="0" warning="0" completed="0" inProgress="0" pending="0" />
    <Output>
      <StdOut>NUnit Adapter 4.2.0.0: Test execution started&#xD;
Running all tests in d:\private\AdventOfCode2022\fsharp\Day2Part2.Tests\bin\Debug\net7.0\Day2_part2.Tests.dll&#xD;
   NUnit3TestExecutor discovered 3 of 3 NUnit test cases using Current Discovery mode, Non-Explicit run&#xD;
NUnit Adapter 4.2.0.0: Test execution complete&#xD;
</StdOut>
    </Output>
  </ResultSummary>
</TestRun>